[    1804ms] [WARNING] [GPT] PubAdsService.disableInitialLoad is deprecated, use googletag.setConfig({disableInitialLoad: ...}) instead.
https://goo.gle/gpt-message#170 @ https://securepubads.g.doubleclick.net/pagead/managed/js/gpt/m202609100101/pubads_impl.js?cb=122881016:22
[    1825ms] [ERROR] Failed to load resource: the server responded with a status of 403 () @ https://cdn.api.btloader.com/device?orgid=5646025299591168&platformVersion=26.5.1&fullVersionList=%5B%7B%22brand%22%3A%22Chromium%22%2C%22version%22%3A%22152.0.7977.83%22%7D%2C%7B%22brand%22%3A%22Not%3FA_Brand%22%2C%22version%22%3A%2224.0.0.0%22%7D%2C%7B%22brand%22%3A%22Google+Chrome%22%2C%22version%22%3A%22152.0.7977.83%22%7D%5D&upapi=true:0
[    2351ms] [WARNING] [GPT] Slot.setTargeting is deprecated, use Slot.setConfig({targeting: ...}) instead.
https://goo.gle/gpt-message#171 @ https://securepubads.g.doubleclick.net/pagead/managed/js/gpt/m202609100101/pubads_impl.js?cb=122881016:22
[    2352ms] [LOG] ============================= @ https://stpd.cloud/saas/3256:27
[    2352ms] [LOG] adunit.code:  @ https://stpd.cloud/saas/3256:27
[    2352ms] [LOG] adunit.path: /22645792947/chrome-stats.com_336x336_billboard_mobile @ https://stpd.cloud/saas/3256:27
[    2352ms] [LOG] slot.id: stpd-khoko @ https://stpd.cloud/saas/3256:27
[    2352ms] [LOG] slot.path: chrome-stats.com_336x336_billboard_mobile @ https://stpd.cloud/saas/3256:27
[    2352ms] [LOG] ============================= @ https://stpd.cloud/saas/3256:27
[    3494ms] [WARNING] [GPT] Interstitial /22645792947/chrome-stats.com_interstitial not requested: Format already created on the page.
https://goo.gle/gpt-message#134 @ https://securepubads.g.doubleclick.net/pagead/managed/js/gpt/m202609100101/pubads_impl.js?cb=122881016:22
[    3693ms] [INFO] Powered by AMP ⚡ HTML – Version 2607210106000 https://chrome-stats.com/d/hgccfdagfbilbdbkgmfdmmdfmjjoakfo @ https://cdn.ampproject.org/rtv/012607210106000/amp4ads-v0.mjs:1
[    7936ms] [ERROR] Failed to load resource: net::ERR_CERT_DATE_INVALID @ https://visitor.omnitagjs.com/visitor/bsync?uid=627080440e659fbe0f85333c665ae1de&name=SMARTADSERVER&url=https%3A%2F%2Frtb-csync.smartadserver.com%2Fredir%2F%3Fissi%3D1%26partnerid%3D117%26partneruserid%3DPARTNER_USER_ID%26gdpr%3DGDPR%26gdpr_consent%3DGDPR_CONSENT:0
[   10156ms] [ERROR] Not signed in with the identity provider. @ https://chrome-stats.com/d/hgccfdagfbilbdbkgmfdmmdfmjjoakfo:0
[   10559ms] [ERROR] [GSI_LOGGER]: FedCM get() rejects with NetworkError: Error retrieving a token. @ https://accounts.google.com/gsi/client:87
[  153680ms] [ERROR] Failed to load resource: net::ERR_CONNECTION_TIMED_OUT @ https://ads.yieldmo.com/pbsync?is=adptmx&gdpr=0&gdpr_consent=&us_privacy=&redirectUri=https%3A%2F%2Fsea1-sync.a-mo.net%2Fsetuid%3Fbidder%3Dyieldmo%26A%3D11d5c9b3-f204-4731-9028-445ccbfdaf3b%26uid%3D%24UID:0
[  153931ms] [ERROR] Failed to load resource: net::ERR_CONNECTION_TIMED_OUT @ https://ads.yieldmo.com/pbsync?is=adptmx&gdpr=0&us_privacy=1---&redirectUri=https%3A%2F%2Fsea1-sync.a-mo.net%2Fsetuid%3Fbidder%3Dyieldmo%26A%3D11d5c9b3-f204-4731-9028-445ccbfdaf3b%26uid%3D%24UID:0
[  156206ms] [ERROR] Failed to load resource: net::ERR_CONNECTION_TIMED_OUT @ https://ads.yieldmo.com/pbsync?is=adptmx&gdpr=0&gdpr_consent=&us_privacy=&redirectUri=https%3A%2F%2Fsea1-sync.a-mo.net%2Fsetuid%3Fbidder%3Dyieldmo%26A%3D11d5c9b3-f204-4731-9028-445ccbfdaf3b%26uid%3D%24UID:0
